// Jest Snapshot v1, https://goo.gl/fbAQLP

exports[`snapshot matches 1`] = `
<header
  className="header"
>
  <div
    className="header__container"
  >
    <div
      className="header__title"
      onClick={[Function]}
      onMouseEnter={[Function]}
    >
      ONESTEP
    </div>
  </div>
</header>
`;
